

================================================================
== Vitis HLS Report for 'exec_pipeline_Pipeline_VITIS_LOOP_27_1'
================================================================
* Date:           Tue Mar 19 21:35:33 2024

* Version:        2022.2 (Build 3670227 on Oct 13 2022)
* Project:        prj_ob
* Solution:       simulatedAnnealingTop (Vitis Kernel Flow Target)
* Product family: virtexuplus
* Target device:  xcu55c-fsvh2892-2L-e


================================================================
== Performance Estimates
================================================================
+ Timing: 
    * Summary: 
    +--------+---------+----------+------------+
    |  Clock |  Target | Estimated| Uncertainty|
    +--------+---------+----------+------------+
    |ap_clk  |  3.12 ns|  2.423 ns|     0.84 ns|
    +--------+---------+----------+------------+

+ Latency: 
    * Summary: 
    +-----------+-----------+-----------+-----------+-----------+-----------+---------+
    |    Latency (cycles)   |   Latency (absolute)  |        Interval       | Pipeline|
    |    min    |    max    |    min    |    max    |    min    |    max    |   Type  |
    +-----------+-----------+-----------+-----------+-----------+-----------+---------+
    |  120000021|  120000021|  0.375 sec|  0.375 sec|  120000021|  120000021|       no|
    +-----------+-----------+-----------+-----------+-----------+-----------+---------+

    + Detail: 
        * Instance: 
        N/A

        * Loop: 
        +-------------------+-----------+-----------+----------+-----------+-----------+----------+----------+
        |                   |    Latency (cycles)   | Iteration|  Initiation Interval  |   Trip   |          |
        |     Loop Name     |    min    |    max    |  Latency |  achieved |   target  |   Count  | Pipelined|
        +-------------------+-----------+-----------+----------+-----------+-----------+----------+----------+
        |- VITIS_LOOP_27_1  |  120000019|  120000019|        32|         12|          1|  10000000|       yes|
        +-------------------+-----------+-----------+----------+-----------+-----------+----------+----------+



================================================================
== Utilization Estimates
================================================================
* Summary: 
+---------------------+---------+------+---------+---------+-----+
|         Name        | BRAM_18K|  DSP |    FF   |   LUT   | URAM|
+---------------------+---------+------+---------+---------+-----+
|DSP                  |        -|     -|        -|        -|    -|
|Expression           |        -|     -|        0|    27885|    -|
|FIFO                 |        -|     -|        -|        -|    -|
|Instance             |        -|     0|     6610|     5640|    -|
|Memory               |        0|     -|       16|       18|    -|
|Multiplexer          |        -|     -|        -|     1620|    -|
|Register             |        -|     -|     7124|       32|    -|
+---------------------+---------+------+---------+---------+-----+
|Total                |        0|     0|    13750|    35195|    0|
+---------------------+---------+------+---------+---------+-----+
|Available SLR        |     1344|  3008|   869120|   434560|  320|
+---------------------+---------+------+---------+---------+-----+
|Utilization SLR (%)  |        0|     0|        1|        8|    0|
+---------------------+---------+------+---------+---------+-----+
|Available            |     4032|  9024|  2607360|  1303680|  960|
+---------------------+---------+------+---------+---------+-----+
|Utilization (%)      |        0|     0|       ~0|        2|    0|
+---------------------+---------+------+---------+---------+-----+

+ Detail: 
    * Instance: 
    +-------------------------+---------------------+---------+----+-----+-----+-----+
    |         Instance        |        Module       | BRAM_18K| DSP|  FF | LUT | URAM|
    +-------------------------+---------------------+---------+----+-----+-----+-----+
    |mul_8ns_10ns_17_1_1_U31  |mul_8ns_10ns_17_1_1  |        0|   0|    0|   62|    0|
    |mul_8ns_10ns_17_1_1_U33  |mul_8ns_10ns_17_1_1  |        0|   0|    0|   62|    0|
    |mul_8ns_10ns_17_1_1_U35  |mul_8ns_10ns_17_1_1  |        0|   0|    0|   62|    0|
    |mul_8ns_10ns_17_1_1_U44  |mul_8ns_10ns_17_1_1  |        0|   0|    0|   62|    0|
    |mul_8ns_10ns_17_1_1_U48  |mul_8ns_10ns_17_1_1  |        0|   0|    0|   62|    0|
    |mul_8ns_10ns_17_1_1_U50  |mul_8ns_10ns_17_1_1  |        0|   0|    0|   62|    0|
    |mul_8ns_10ns_17_1_1_U53  |mul_8ns_10ns_17_1_1  |        0|   0|    0|   62|    0|
    |mul_8ns_10ns_17_1_1_U62  |mul_8ns_10ns_17_1_1  |        0|   0|    0|   62|    0|
    |mul_8ns_10ns_17_1_1_U63  |mul_8ns_10ns_17_1_1  |        0|   0|    0|   62|    0|
    |mul_8ns_10ns_17_1_1_U68  |mul_8ns_10ns_17_1_1  |        0|   0|    0|   62|    0|
    |mul_8ns_10ns_17_1_1_U69  |mul_8ns_10ns_17_1_1  |        0|   0|    0|   62|    0|
    |mul_8ns_10ns_17_1_1_U70  |mul_8ns_10ns_17_1_1  |        0|   0|    0|   62|    0|
    |mul_8ns_10ns_17_1_1_U71  |mul_8ns_10ns_17_1_1  |        0|   0|    0|   62|    0|
    |mul_8ns_10ns_17_1_1_U72  |mul_8ns_10ns_17_1_1  |        0|   0|    0|   62|    0|
    |mul_8ns_10ns_17_1_1_U73  |mul_8ns_10ns_17_1_1  |        0|   0|    0|   62|    0|
    |mul_8ns_10ns_17_1_1_U74  |mul_8ns_10ns_17_1_1  |        0|   0|    0|   62|    0|
    |mul_8s_10ns_18_1_1_U75   |mul_8s_10ns_18_1_1   |        0|   0|    0|   62|    0|
    |mul_8s_10ns_18_1_1_U76   |mul_8s_10ns_18_1_1   |        0|   0|    0|   62|    0|
    |mul_8s_10ns_18_1_1_U77   |mul_8s_10ns_18_1_1   |        0|   0|    0|   62|    0|
    |mul_8s_10ns_18_1_1_U78   |mul_8s_10ns_18_1_1   |        0|   0|    0|   62|    0|
    |mul_8s_10ns_18_1_1_U79   |mul_8s_10ns_18_1_1   |        0|   0|    0|   62|    0|
    |mul_8s_10ns_18_1_1_U80   |mul_8s_10ns_18_1_1   |        0|   0|    0|   62|    0|
    |mul_8s_10ns_18_1_1_U81   |mul_8s_10ns_18_1_1   |        0|   0|    0|   62|    0|
    |mul_8s_10ns_18_1_1_U82   |mul_8s_10ns_18_1_1   |        0|   0|    0|   62|    0|
    |mul_8s_10ns_18_1_1_U83   |mul_8s_10ns_18_1_1   |        0|   0|    0|   62|    0|
    |mul_8s_10ns_18_1_1_U84   |mul_8s_10ns_18_1_1   |        0|   0|    0|   62|    0|
    |mul_8s_10ns_18_1_1_U85   |mul_8s_10ns_18_1_1   |        0|   0|    0|   62|    0|
    |mul_8s_10ns_18_1_1_U86   |mul_8s_10ns_18_1_1   |        0|   0|    0|   62|    0|
    |mul_8s_10ns_18_1_1_U87   |mul_8s_10ns_18_1_1   |        0|   0|    0|   62|    0|
    |mul_8s_10ns_18_1_1_U88   |mul_8s_10ns_18_1_1   |        0|   0|    0|   62|    0|
    |srem_8s_5ns_5_12_1_U29   |srem_8s_5ns_5_12_1   |        0|   0|  189|  106|    0|
    |srem_8s_5ns_5_12_1_U30   |srem_8s_5ns_5_12_1   |        0|   0|  189|  106|    0|
    |srem_8s_5ns_5_12_1_U37   |srem_8s_5ns_5_12_1   |        0|   0|  189|  106|    0|
    |srem_8s_5ns_5_12_1_U40   |srem_8s_5ns_5_12_1   |        0|   0|  189|  106|    0|
    |srem_8s_5ns_5_12_1_U41   |srem_8s_5ns_5_12_1   |        0|   0|  189|  106|    0|
    |srem_8s_5ns_5_12_1_U42   |srem_8s_5ns_5_12_1   |        0|   0|  189|  106|    0|
    |srem_8s_5ns_5_12_1_U43   |srem_8s_5ns_5_12_1   |        0|   0|  189|  106|    0|
    |srem_8s_5ns_5_12_1_U46   |srem_8s_5ns_5_12_1   |        0|   0|  189|  106|    0|
    |srem_8s_5ns_5_12_1_U47   |srem_8s_5ns_5_12_1   |        0|   0|  189|  106|    0|
    |srem_8s_5ns_5_12_1_U61   |srem_8s_5ns_5_12_1   |        0|   0|  189|  106|    0|
    |srem_8s_5ns_5_12_1_U64   |srem_8s_5ns_5_12_1   |        0|   0|  189|  106|    0|
    |srem_8s_5ns_5_12_1_U65   |srem_8s_5ns_5_12_1   |        0|   0|  189|  106|    0|
    |srem_8s_5ns_5_12_1_U66   |srem_8s_5ns_5_12_1   |        0|   0|  189|  106|    0|
    |srem_8s_5ns_5_12_1_U67   |srem_8s_5ns_5_12_1   |        0|   0|  189|  106|    0|
    |srem_9ns_5ns_5_13_1_U25  |srem_9ns_5ns_5_13_1  |        0|   0|  235|  150|    0|
    |srem_9ns_5ns_5_13_1_U26  |srem_9ns_5ns_5_13_1  |        0|   0|  235|  150|    0|
    |srem_9ns_5ns_8_13_1_U27  |srem_9ns_5ns_8_13_1  |        0|   0|  235|  150|    0|
    |srem_9ns_5ns_8_13_1_U28  |srem_9ns_5ns_8_13_1  |        0|   0|  235|  150|    0|
    |urem_8ns_4ns_8_12_1_U32  |urem_8ns_4ns_8_12_1  |        0|   0|  189|  106|    0|
    |urem_8ns_4ns_8_12_1_U34  |urem_8ns_4ns_8_12_1  |        0|   0|  189|  106|    0|
    |urem_8ns_4ns_8_12_1_U36  |urem_8ns_4ns_8_12_1  |        0|   0|  189|  106|    0|
    |urem_8ns_4ns_8_12_1_U38  |urem_8ns_4ns_8_12_1  |        0|   0|  189|  106|    0|
    |urem_8ns_4ns_8_12_1_U39  |urem_8ns_4ns_8_12_1  |        0|   0|  189|  106|    0|
    |urem_8ns_4ns_8_12_1_U45  |urem_8ns_4ns_8_12_1  |        0|   0|  189|  106|    0|
    |urem_8ns_4ns_8_12_1_U56  |urem_8ns_4ns_8_12_1  |        0|   0|  189|  106|    0|
    |urem_8ns_4ns_8_12_1_U57  |urem_8ns_4ns_8_12_1  |        0|   0|  189|  106|    0|
    |urem_8ns_4ns_8_12_1_U58  |urem_8ns_4ns_8_12_1  |        0|   0|  189|  106|    0|
    |urem_8ns_4ns_8_12_1_U59  |urem_8ns_4ns_8_12_1  |        0|   0|  189|  106|    0|
    |urem_8ns_4ns_8_12_1_U60  |urem_8ns_4ns_8_12_1  |        0|   0|  189|  106|    0|
    |urem_8ns_8ns_8_12_1_U49  |urem_8ns_8ns_8_12_1  |        0|   0|  189|  106|    0|
    |urem_8ns_8ns_8_12_1_U51  |urem_8ns_8ns_8_12_1  |        0|   0|  189|  106|    0|
    |urem_8ns_8ns_8_12_1_U52  |urem_8ns_8ns_8_12_1  |        0|   0|  189|  106|    0|
    |urem_8ns_8ns_8_12_1_U54  |urem_8ns_8ns_8_12_1  |        0|   0|  189|  106|    0|
    |urem_8ns_8ns_8_12_1_U55  |urem_8ns_8ns_8_12_1  |        0|   0|  189|  106|    0|
    +-------------------------+---------------------+---------+----+-----+-----+-----+
    |Total                    |                     |        0|   0| 6610| 5640|    0|
    +-------------------------+---------------------+---------+----+-----+-----+-----+

    * DSP: 
    N/A

    * Memory: 
    +-----------------------+------------------------------------------------------------------------+---------+---+----+-----+------+-----+------+-------------+
    |         Memory        |                                 Module                                 | BRAM_18K| FF| LUT| URAM| Words| Bits| Banks| W*Bits*Banks|
    +-----------------------+------------------------------------------------------------------------+---------+---+----+-----+------+-----+------+-------------+
    |st3_m_th_idx_offset_U  |exec_pipeline_Pipeline_VITIS_LOOP_27_1_st3_m_th_idx_offset_ROM_AUTO_1R  |        0|  8|   9|    0|     6|    8|     1|           48|
    |st1_m_th_idx_offset_U  |exec_pipeline_Pipeline_VITIS_LOOP_27_1_st3_m_th_idx_offset_ROM_AUTO_1R  |        0|  8|   9|    0|     6|    8|     1|           48|
    +-----------------------+------------------------------------------------------------------------+---------+---+----+-----+------+-----+------+-------------+
    |Total                  |                                                                        |        0| 16|  18|    0|    12|   16|     2|           96|
    +-----------------------+------------------------------------------------------------------------+---------+---+----+-----+------+-----+------+-------------+

    * FIFO: 
    N/A

    * Expression: 
    +-------------------------------------+----------+----+---+------+------------+------------+
    |            Variable Name            | Operation| DSP| FF|  LUT | Bitwidth P0| Bitwidth P1|
    +-------------------------------------+----------+----+---+------+------------+------------+
    |add_ln840_1_fu_1863_p2               |         +|   0|  0|    15|           8|           1|
    |add_ln840_2_fu_1719_p2               |         +|   0|  0|    15|           8|           1|
    |add_ln840_fu_2038_p2                 |         +|   0|  0|    15|           8|           1|
    |counter_2_fu_1479_p2                 |         +|   0|  0|    31|          24|           1|
    |dc_V_fu_2632_p2                      |         +|   0|  0|    15|           8|           8|
    |ds_V_fu_2644_p2                      |         +|   0|  0|    15|           8|           8|
    |dvac_V_fu_4259_p2                    |         +|   0|  0|    14|           7|           7|
    |dvas_V_fu_4471_p2                    |         +|   0|  0|    14|           7|           7|
    |dvbc_V_10_fu_2626_p2                 |         +|   0|  0|    15|           8|           8|
    |dvbc_V_2_fu_5241_p2                  |         +|   0|  0|    14|           7|           7|
    |dvbc_V_4_fu_5475_p2                  |         +|   0|  0|    14|           7|           7|
    |dvbc_V_6_fu_5530_p2                  |         +|   0|  0|    14|           7|           7|
    |dvbc_V_8_fu_3125_p2                  |         +|   0|  0|    15|           8|           8|
    |dvbc_V_9_fu_3268_p2                  |         +|   0|  0|    15|           8|           8|
    |dvbc_V_fu_5186_p2                    |         +|   0|  0|    14|           7|           7|
    |dvbs_V_10_fu_2638_p2                 |         +|   0|  0|    15|           8|           8|
    |dvbs_V_2_fu_4753_p2                  |         +|   0|  0|    14|           7|           7|
    |dvbs_V_4_fu_5078_p2                  |         +|   0|  0|    14|           7|           7|
    |dvbs_V_6_fu_5405_p2                  |         +|   0|  0|    14|           7|           7|
    |dvbs_V_8_fu_3009_p2                  |         +|   0|  0|    15|           8|           8|
    |dvbs_V_9_fu_3131_p2                  |         +|   0|  0|    15|           8|           8|
    |dvbs_V_fu_4546_p2                    |         +|   0|  0|    14|           7|           7|
    |grp_fu_1509_p0                       |         +|   0|  0|    16|           9|           1|
    |grp_fu_1550_p0                       |         +|   0|  0|    16|           9|           1|
    |grp_fu_1585_p0                       |         +|   0|  0|    16|           9|           1|
    |grp_fu_1778_p0                       |         +|   0|  0|    16|           9|           1|
    |grp_fu_2068_p0                       |         +|   0|  0|    15|           8|           8|
    |grp_fu_2074_p0                       |         +|   0|  0|    15|           8|           8|
    |grp_fu_2459_p0                       |         +|   0|  0|    15|           8|           8|
    |grp_fu_2485_p0                       |         +|   0|  0|    15|           8|           8|
    |grp_fu_2502_p0                       |         +|   0|  0|    15|           8|           8|
    |grp_fu_2519_p0                       |         +|   0|  0|    15|           8|           8|
    |grp_fu_2614_p0                       |         +|   0|  0|    15|           8|           8|
    |idx_1_fu_1800_p2                     |         +|   0|  0|    15|           8|           8|
    |idx_V_5_fu_1811_p2                   |         +|   0|  0|    15|           8|           8|
    |idx_V_6_fu_1806_p2                   |         +|   0|  0|    15|           8|           8|
    |idx_fu_2197_p2                       |         +|   0|  0|    15|           8|           8|
    |st1_m_fifo_a_m_size_V_4_fu_1515_p2   |         +|   0|  0|    15|           8|           1|
    |st1_m_fifo_a_m_size_V_5_fu_2563_p2   |         +|   0|  0|    15|           8|           2|
    |st1_m_fifo_b_m_size_V_3_fu_1556_p2   |         +|   0|  0|    15|           8|           1|
    |st1_m_fifo_b_m_size_V_5_fu_1784_p2   |         +|   0|  0|    15|           8|           2|
    |neg101_fu_5433_p2                    |         -|   0|  0|    13|           1|           6|
    |neg104_fu_5454_p2                    |         -|   0|  0|    13|           1|           6|
    |neg107_fu_5488_p2                    |         -|   0|  0|    13|           1|           6|
    |neg110_fu_5509_p2                    |         -|   0|  0|    13|           1|           6|
    |neg113_fu_4711_p2                    |         -|   0|  0|    13|           1|           6|
    |neg116_fu_4732_p2                    |         -|   0|  0|    13|           1|           6|
    |neg119_fu_5036_p2                    |         -|   0|  0|    13|           1|           6|
    |neg122_fu_5057_p2                    |         -|   0|  0|    13|           1|           6|
    |neg125_fu_5363_p2                    |         -|   0|  0|    13|           1|           6|
    |neg128_fu_5384_p2                    |         -|   0|  0|    13|           1|           6|
    |neg74_fu_4238_p2                     |         -|   0|  0|    13|           1|           6|
    |neg77_fu_5144_p2                     |         -|   0|  0|    13|           1|           6|
    |neg80_fu_5165_p2                     |         -|   0|  0|    13|           1|           6|
    |neg83_fu_4426_p2                     |         -|   0|  0|    13|           1|           6|
    |neg86_fu_4450_p2                     |         -|   0|  0|    13|           1|           6|
    |neg89_fu_4501_p2                     |         -|   0|  0|    13|           1|           6|
    |neg92_fu_4525_p2                     |         -|   0|  0|    13|           1|           6|
    |neg95_fu_5199_p2                     |         -|   0|  0|    13|           1|           6|
    |neg98_fu_5220_p2                     |         -|   0|  0|    13|           1|           6|
    |neg_fu_4217_p2                       |         -|   0|  0|    13|           1|           6|
    |neg_mul118_fu_4062_p2                |         -|   0|  0|    24|           1|          17|
    |neg_mul126_fu_4025_p2                |         -|   0|  0|    24|           1|          17|
    |neg_mul62_fu_4272_p2                 |         -|   0|  0|    24|           1|          17|
    |neg_mul70_fu_4110_p2                 |         -|   0|  0|    24|           1|          17|
    |neg_ti123_fu_4083_p2                 |         -|   0|  0|    12|           1|           5|
    |neg_ti131_fu_4046_p2                 |         -|   0|  0|    12|           1|           5|
    |neg_ti67_fu_4293_p2                  |         -|   0|  0|    12|           1|           5|
    |neg_ti75_fu_4131_p2                  |         -|   0|  0|    12|           1|           5|
    |ret_V_11_fu_4892_p2                  |         -|   0|  0|    13|           6|           6|
    |ret_V_12_fu_4913_p2                  |         -|   0|  0|    13|           6|           6|
    |ret_V_14_fu_4956_p2                  |         -|   0|  0|    13|           6|           6|
    |ret_V_15_fu_4970_p2                  |         -|   0|  0|    13|           6|           6|
    |ret_V_17_fu_5291_p2                  |         -|   0|  0|    13|           6|           6|
    |ret_V_18_fu_5303_p2                  |         -|   0|  0|    13|           6|           6|
    |ret_V_20_fu_5345_p2                  |         -|   0|  0|    13|           6|           6|
    |ret_V_21_fu_5358_p2                  |         -|   0|  0|    13|           6|           6|
    |ret_V_25_fu_4420_p2                  |         -|   0|  0|    13|           6|           6|
    |ret_V_26_fu_3900_p2                  |         -|   0|  0|    13|           6|           6|
    |ret_V_30_fu_4495_p2                  |         -|   0|  0|    13|           6|           6|
    |ret_V_31_fu_3934_p2                  |         -|   0|  0|    13|           6|           6|
    |ret_V_34_fu_4595_p2                  |         -|   0|  0|    13|           6|           6|
    |ret_V_35_fu_3959_p2                  |         -|   0|  0|    13|           6|           6|
    |ret_V_38_fu_4809_p2                  |         -|   0|  0|    13|           6|           6|
    |ret_V_39_fu_3984_p2                  |         -|   0|  0|    13|           6|           6|
    |ret_V_42_fu_5134_p2                  |         -|   0|  0|    13|           6|           6|
    |ret_V_43_fu_4009_p2                  |         -|   0|  0|    13|           6|           6|
    |ret_V_7_fu_4098_p2                   |         -|   0|  0|    13|           6|           6|
    |ret_V_8_fu_3539_p2                   |         -|   0|  0|    13|           6|           6|
    |sub_ln1513_10_fu_4305_p2             |         -|   0|  0|    24|           1|          17|
    |sub_ln1513_11_fu_4326_p2             |         -|   0|  0|    12|           1|           5|
    |sub_ln1513_12_fu_4332_p2             |         -|   0|  0|    24|           1|          17|
    |sub_ln1513_13_fu_4353_p2             |         -|   0|  0|    12|           1|           5|
    |sub_ln1513_14_fu_4552_p2             |         -|   0|  0|    24|           1|          17|
    |sub_ln1513_15_fu_4573_p2             |         -|   0|  0|    12|           1|           5|
    |sub_ln1513_16_fu_4766_p2             |         -|   0|  0|    24|           1|          17|
    |sub_ln1513_17_fu_4787_p2             |         -|   0|  0|    12|           1|           5|
    |sub_ln1513_18_fu_5091_p2             |         -|   0|  0|    24|           1|          17|
    |sub_ln1513_19_fu_5112_p2             |         -|   0|  0|    12|           1|           5|
    |sub_ln1513_1_fu_3837_p2              |         -|   0|  0|    12|           1|           5|
    |sub_ln1513_2_fu_4852_p2              |         -|   0|  0|    24|           1|          17|
    |sub_ln1513_3_fu_4873_p2              |         -|   0|  0|    12|           1|           5|
    |sub_ln1513_4_fu_4919_p2              |         -|   0|  0|    24|           1|          17|
    |sub_ln1513_5_fu_4940_p2              |         -|   0|  0|    12|           1|           5|
    |sub_ln1513_6_fu_5254_p2              |         -|   0|  0|    24|           1|          17|
    |sub_ln1513_7_fu_5275_p2              |         -|   0|  0|    12|           1|           5|
    |sub_ln1513_8_fu_5308_p2              |         -|   0|  0|    24|           1|          17|
    |sub_ln1513_9_fu_5329_p2              |         -|   0|  0|    12|           1|           5|
    |sub_ln1513_fu_3816_p2                |         -|   0|  0|    24|           1|          17|
    |ap_condition_4357                    |       and|   0|  0|     2|           1|           1|
    |ap_condition_4362                    |       and|   0|  0|     2|           1|           1|
    |ap_condition_4366                    |       and|   0|  0|     2|           1|           1|
    |ap_condition_4371                    |       and|   0|  0|     2|           1|           1|
    |ap_condition_4378                    |       and|   0|  0|     2|           1|           1|
    |ap_condition_4380                    |       and|   0|  0|     2|           1|           1|
    |ap_condition_4384                    |       and|   0|  0|     2|           1|           1|
    |ap_condition_4391                    |       and|   0|  0|     2|           1|           1|
    |ap_condition_4396                    |       and|   0|  0|     2|           1|           1|
    |ap_condition_4399                    |       and|   0|  0|     2|           1|           1|
    |ap_condition_4403                    |       and|   0|  0|     2|           1|           1|
    |ap_condition_4408                    |       and|   0|  0|     2|           1|           1|
    |ap_condition_4413                    |       and|   0|  0|     2|           1|           1|
    |ap_condition_4420                    |       and|   0|  0|     2|           1|           1|
    |ap_condition_4427                    |       and|   0|  0|     2|           1|           1|
    |ap_condition_4435                    |       and|   0|  0|     2|           1|           1|
    |ap_condition_4441                    |       and|   0|  0|     2|           1|           1|
    |ap_condition_4446                    |       and|   0|  0|     2|           1|           1|
    |ap_condition_4450                    |       and|   0|  0|     2|           1|           1|
    |ap_condition_4456                    |       and|   0|  0|     2|           1|           1|
    |ap_condition_4465                    |       and|   0|  0|     2|           1|           1|
    |ap_condition_4472                    |       and|   0|  0|     2|           1|           1|
    |abscond102_fu_5438_p2                |      icmp|   0|  0|    10|           6|           1|
    |abscond105_fu_5459_p2                |      icmp|   0|  0|    10|           6|           1|
    |abscond108_fu_5493_p2                |      icmp|   0|  0|    10|           6|           1|
    |abscond111_fu_5514_p2                |      icmp|   0|  0|    10|           6|           1|
    |abscond114_fu_4716_p2                |      icmp|   0|  0|    10|           6|           1|
    |abscond117_fu_4737_p2                |      icmp|   0|  0|    10|           6|           1|
    |abscond120_fu_5041_p2                |      icmp|   0|  0|    10|           6|           1|
    |abscond123_fu_5062_p2                |      icmp|   0|  0|    10|           6|           1|
    |abscond126_fu_5368_p2                |      icmp|   0|  0|    10|           6|           1|
    |abscond129_fu_5389_p2                |      icmp|   0|  0|    10|           6|           1|
    |abscond75_fu_4243_p2                 |      icmp|   0|  0|    10|           6|           1|
    |abscond78_fu_5149_p2                 |      icmp|   0|  0|    10|           6|           1|
    |abscond81_fu_5170_p2                 |      icmp|   0|  0|    10|           6|           1|
    |abscond84_fu_4432_p2                 |      icmp|   0|  0|    10|           6|           1|
    |abscond87_fu_4455_p2                 |      icmp|   0|  0|    10|           6|           1|
    |abscond90_fu_4507_p2                 |      icmp|   0|  0|    10|           6|           1|
    |abscond93_fu_4530_p2                 |      icmp|   0|  0|    10|           6|           1|
    |abscond96_fu_5204_p2                 |      icmp|   0|  0|    10|           6|           1|
    |abscond99_fu_5225_p2                 |      icmp|   0|  0|    10|           6|           1|
    |abscond_fu_4222_p2                   |      icmp|   0|  0|    10|           6|           1|
    |addr_cmp_fu_1706_p2                  |      icmp|   0|  0|    29|          64|          64|
    |icmp_ln1019_10_fu_3940_p2            |      icmp|   0|  0|    11|           8|           8|
    |icmp_ln1019_11_fu_3965_p2            |      icmp|   0|  0|    11|           8|           8|
    |icmp_ln1019_12_fu_3990_p2            |      icmp|   0|  0|    11|           8|           8|
    |icmp_ln1019_2_fu_2032_p2             |      icmp|   0|  0|    11|           8|           7|
    |icmp_ln1019_3_fu_1724_p2             |      icmp|   0|  0|    11|           8|           3|
    |icmp_ln1019_4_fu_1490_p2             |      icmp|   0|  0|    11|           8|           4|
    |icmp_ln1019_5_fu_1531_p2             |      icmp|   0|  0|    11|           8|           4|
    |icmp_ln1019_6_fu_2557_p2             |      icmp|   0|  0|    11|           8|           1|
    |icmp_ln1019_7_fu_1759_p2             |      icmp|   0|  0|    11|           8|           1|
    |icmp_ln1019_8_fu_3881_p2             |      icmp|   0|  0|    11|           8|           8|
    |icmp_ln1019_9_fu_3911_p2             |      icmp|   0|  0|    11|           8|           8|
    |icmp_ln1019_fu_1857_p2               |      icmp|   0|  0|    11|           8|           7|
    |icmp_ln1023_10_fu_4392_p2            |      icmp|   0|  0|    11|           8|           2|
    |icmp_ln1023_11_fu_4397_p2            |      icmp|   0|  0|    11|           8|           2|
    |icmp_ln1023_12_fu_4689_p2            |      icmp|   0|  0|    11|           8|           2|
    |icmp_ln1023_13_fu_4694_p2            |      icmp|   0|  0|    11|           8|           2|
    |icmp_ln1023_14_fu_3876_p2            |      icmp|   0|  0|    11|           8|           2|
    |icmp_ln1023_15_fu_3906_p2            |      icmp|   0|  0|    11|           8|           2|
    |icmp_ln1023_16_fu_4212_p2            |      icmp|   0|  0|    11|           8|           2|
    |icmp_ln1023_17_fu_4382_p2            |      icmp|   0|  0|    11|           8|           2|
    |icmp_ln1023_18_fu_4624_p2            |      icmp|   0|  0|    11|           8|           2|
    |icmp_ln1023_1_fu_2373_p2             |      icmp|   0|  0|    11|           8|           2|
    |icmp_ln1023_2_fu_1624_p2             |      icmp|   0|  0|    11|           8|           2|
    |icmp_ln1023_3_fu_1610_p2             |      icmp|   0|  0|    11|           8|           2|
    |icmp_ln1023_4_fu_2448_p2             |      icmp|   0|  0|    11|           8|           2|
    |icmp_ln1023_5_fu_2474_p2             |      icmp|   0|  0|    11|           8|           2|
    |icmp_ln1023_6_fu_2491_p2             |      icmp|   0|  0|    11|           8|           2|
    |icmp_ln1023_7_fu_2508_p2             |      icmp|   0|  0|    11|           8|           2|
    |icmp_ln1023_8_fu_2603_p2             |      icmp|   0|  0|    11|           8|           2|
    |icmp_ln1023_9_fu_3526_p2             |      icmp|   0|  0|    11|           8|           2|
    |icmp_ln1023_fu_2345_p2               |      icmp|   0|  0|    11|           8|           2|
    |icmp_ln27_fu_1473_p2                 |      icmp|   0|  0|    16|          24|          24|
    |sw_c_fu_2650_p2                      |      icmp|   0|  0|    11|           8|           8|
    |lshr_ln115_fu_3036_p2                |      lshr|   0|  0|  2171|         800|         800|
    |lshr_ln116_fu_3057_p2                |      lshr|   0|  0|  2171|         800|         800|
    |lshr_ln117_fu_3466_p2                |      lshr|   0|  0|  2171|         800|         800|
    |lshr_ln126_1_fu_3614_p2              |      lshr|   0|  0|  2171|         800|         800|
    |lshr_ln126_2_fu_3701_p2              |      lshr|   0|  0|  2171|         800|         800|
    |lshr_ln126_3_fu_3739_p2              |      lshr|   0|  0|  2171|         800|         800|
    |lshr_ln126_fu_3576_p2                |      lshr|   0|  0|  2171|         800|         800|
    |lshr_ln70_fu_3190_p2                 |      lshr|   0|  0|    92|          32|          32|
    |lshr_ln87_1_fu_3310_p2               |      lshr|   0|  0|    92|          32|          32|
    |lshr_ln87_2_fu_3341_p2               |      lshr|   0|  0|    92|          32|          32|
    |lshr_ln87_3_fu_3428_p2               |      lshr|   0|  0|    92|          32|          32|
    |lshr_ln87_fu_3228_p2                 |      lshr|   0|  0|    92|          32|          32|
    |grp_fu_2407_p0                       |        or|   0|  0|     8|           8|           1|
    |grp_fu_2439_p0                       |        or|   0|  0|     8|           8|           2|
    |idx_V_3_fu_2413_p2                   |        or|   0|  0|     8|           8|           2|
    |cva_V_1_fu_3476_p3                   |    select|   0|  0|     8|           1|           2|
    |cvb_V_1_fu_3586_p3                   |    select|   0|  0|     8|           1|           2|
    |cvb_V_3_fu_3624_p3                   |    select|   0|  0|     8|           1|           2|
    |cvb_V_5_fu_3711_p3                   |    select|   0|  0|     8|           1|           2|
    |cvb_V_7_fu_3749_p3                   |    select|   0|  0|     8|           1|           2|
    |dvac_V_4_fu_4265_p3                  |    select|   0|  0|     7|           1|           1|
    |dvas_V_4_fu_4699_p3                  |    select|   0|  0|     7|           1|           1|
    |dvbc_V_1_fu_5192_p3                  |    select|   0|  0|     7|           1|           1|
    |dvbc_V_3_fu_5247_p3                  |    select|   0|  0|     7|           1|           1|
    |dvbc_V_5_fu_5481_p3                  |    select|   0|  0|     7|           1|           1|
    |dvbc_V_7_fu_5536_p3                  |    select|   0|  0|     7|           1|           1|
    |dvbs_V_1_fu_4705_p3                  |    select|   0|  0|     7|           1|           1|
    |dvbs_V_3_fu_4759_p3                  |    select|   0|  0|     7|           1|           1|
    |dvbs_V_5_fu_5084_p3                  |    select|   0|  0|     7|           1|           1|
    |dvbs_V_7_fu_5411_p3                  |    select|   0|  0|     7|           1|           1|
    |empty_102_fu_4077_p3                 |    select|   0|  0|     5|           1|           5|
    |empty_103_fu_4227_p3                 |    select|   0|  0|     6|           1|           6|
    |empty_104_fu_4248_p3                 |    select|   0|  0|     6|           1|           6|
    |empty_105_fu_4104_p3                 |    select|   0|  0|     5|           1|           5|
    |empty_106_fu_5154_p3                 |    select|   0|  0|     6|           1|           6|
    |empty_107_fu_5175_p3                 |    select|   0|  0|     6|           1|           6|
    |empty_108_fu_5209_p3                 |    select|   0|  0|     6|           1|           6|
    |empty_109_fu_5230_p3                 |    select|   0|  0|     6|           1|           6|
    |empty_110_fu_5443_p3                 |    select|   0|  0|     6|           1|           6|
    |empty_111_fu_5464_p3                 |    select|   0|  0|     6|           1|           6|
    |empty_112_fu_5498_p3                 |    select|   0|  0|     6|           1|           6|
    |empty_113_fu_5519_p3                 |    select|   0|  0|     6|           1|           6|
    |empty_115_fu_4125_p3                 |    select|   0|  0|     5|           1|           5|
    |empty_117_fu_4287_p3                 |    select|   0|  0|     5|           1|           5|
    |empty_118_fu_4438_p3                 |    select|   0|  0|     6|           1|           6|
    |empty_119_fu_4460_p3                 |    select|   0|  0|     6|           1|           6|
    |empty_120_fu_4513_p3                 |    select|   0|  0|     6|           1|           6|
    |empty_121_fu_4535_p3                 |    select|   0|  0|     6|           1|           6|
    |empty_122_fu_4721_p3                 |    select|   0|  0|     6|           1|           6|
    |empty_123_fu_4742_p3                 |    select|   0|  0|     6|           1|           6|
    |empty_124_fu_5046_p3                 |    select|   0|  0|     6|           1|           6|
    |empty_125_fu_5067_p3                 |    select|   0|  0|     6|           1|           6|
    |empty_126_fu_5373_p3                 |    select|   0|  0|     6|           1|           6|
    |empty_127_fu_5394_p3                 |    select|   0|  0|     6|           1|           6|
    |empty_98_fu_4040_p3                  |    select|   0|  0|     5|           1|           5|
    |empty_99_fu_4052_p3                  |    select|   0|  0|     5|           1|           5|
    |i2_1_fu_4482_p3                      |    select|   0|  0|     5|           1|           5|
    |i2_2_fu_4585_p3                      |    select|   0|  0|     5|           1|           5|
    |i2_3_fu_4799_p3                      |    select|   0|  0|     5|           1|           5|
    |i2_4_fu_5124_p3                      |    select|   0|  0|     5|           1|           5|
    |i2_fu_4410_p3                        |    select|   0|  0|     5|           1|           5|
    |ia_V_2_fu_4137_p3                    |    select|   0|  0|     5|           1|           5|
    |ia_V_fu_4299_p3                      |    select|   0|  0|     5|           1|           5|
    |ret_V_52_fu_3888_p3                  |    select|   0|  0|     5|           1|           5|
    |ret_V_54_fu_3918_p3                  |    select|   0|  0|     5|           1|           5|
    |ret_V_55_fu_3947_p3                  |    select|   0|  0|     5|           1|           5|
    |ret_V_56_fu_3972_p3                  |    select|   0|  0|     5|           1|           5|
    |ret_V_57_fu_3997_p3                  |    select|   0|  0|     5|           1|           5|
    |reuse_select_fu_1711_p3              |    select|   0|  0|     2|           1|           1|
    |select_ln1513_10_fu_4320_p3          |    select|   0|  0|     5|           1|           5|
    |select_ln1513_11_fu_4405_p3          |    select|   0|  0|     5|           1|           5|
    |select_ln1513_12_fu_4347_p3          |    select|   0|  0|     5|           1|           5|
    |select_ln1513_13_fu_4477_p3          |    select|   0|  0|     5|           1|           5|
    |select_ln1513_14_fu_4567_p3          |    select|   0|  0|     5|           1|           5|
    |select_ln1513_15_fu_4579_p3          |    select|   0|  0|     5|           1|           5|
    |select_ln1513_16_fu_4781_p3          |    select|   0|  0|     5|           1|           5|
    |select_ln1513_17_fu_4793_p3          |    select|   0|  0|     5|           1|           5|
    |select_ln1513_18_fu_5106_p3          |    select|   0|  0|     5|           1|           5|
    |select_ln1513_19_fu_5118_p3          |    select|   0|  0|     5|           1|           5|
    |select_ln1513_1_fu_4089_p3           |    select|   0|  0|     5|           1|           5|
    |select_ln1513_2_fu_4867_p3           |    select|   0|  0|     5|           1|           5|
    |select_ln1513_3_fu_4882_p3           |    select|   0|  0|     5|           1|           5|
    |select_ln1513_4_fu_4934_p3           |    select|   0|  0|     5|           1|           5|
    |select_ln1513_5_fu_4946_p3           |    select|   0|  0|     5|           1|           5|
    |select_ln1513_6_fu_5269_p3           |    select|   0|  0|     5|           1|           5|
    |select_ln1513_7_fu_5281_p3           |    select|   0|  0|     5|           1|           5|
    |select_ln1513_8_fu_5323_p3           |    select|   0|  0|     5|           1|           5|
    |select_ln1513_9_fu_5335_p3           |    select|   0|  0|     5|           1|           5|
    |select_ln1513_fu_3831_p3             |    select|   0|  0|     5|           1|           5|
    |select_ln36_fu_1730_p3               |    select|   0|  0|     8|           1|           1|
    |st0_m_cell_b_V_d0                    |    select|   0|  0|     8|           1|           1|
    |st1_m_fifo_a_m_front_V_1_fu_2752_p3  |    select|   0|  0|     8|           1|           8|
    |st1_m_fifo_a_m_size_V_6_fu_2569_p3   |    select|   0|  0|     8|           1|           1|
    |va_V_1_fu_3200_p3                    |    select|   0|  0|     8|           1|           2|
    |vb_V_4_fu_3256_p3                    |    select|   0|  0|     8|           1|           2|
    |vb_V_5_fu_3371_p3                    |    select|   0|  0|     8|           1|           2|
    |vb_V_6_fu_3364_p3                    |    select|   0|  0|     8|           1|           2|
    |vb_V_7_fu_3438_p3                    |    select|   0|  0|     8|           1|           2|
    |shl_ln100_1_fu_1928_p2               |       shl|   0|  0|   182|           1|          64|
    |shl_ln100_fu_1918_p2                 |       shl|   0|  0|  2171|         800|         800|
    |shl_ln83_1_fu_2215_p2                |       shl|   0|  0|   182|           1|          64|
    |shl_ln83_fu_2122_p2                  |       shl|   0|  0|  2171|         800|         800|
    |shl_ln91_1_fu_2305_p2                |       shl|   0|  0|   182|           1|          64|
    |shl_ln91_fu_2897_p2                  |       shl|   0|  0|  2171|         800|         800|
    |shl_ln95_1_fu_2206_p2                |       shl|   0|  0|   182|           1|          64|
    |shl_ln95_fu_2098_p2                  |       shl|   0|  0|  2171|         800|         800|
    |ap_enable_pp0                        |       xor|   0|  0|     2|           1|           2|
    |st0_m_th_valid_d0                    |       xor|   0|  0|     2|           1|           2|
    |xor_ln101_fu_1638_p2                 |       xor|   0|  0|     2|           1|           2|
    |xor_ln105_fu_1599_p2                 |       xor|   0|  0|     2|           1|           2|
    +-------------------------------------+----------+----+---+------+------------+------------+
    |Total                                |          |   0|  0| 27885|       10067|       10608|
    +-------------------------------------+----------+----+---+------+------------+------------+

    * Multiplexer: 
    +---------------------------------------------+----+-----------+-----+-----------+
    |                     Name                    | LUT| Input Size| Bits| Total Bits|
    +---------------------------------------------+----+-----------+-----+-----------+
    |ap_NS_fsm                                    |  65|         13|    1|         13|
    |ap_done_int                                  |   9|          2|    1|          2|
    |ap_enable_reg_pp0_iter0                      |   9|          2|    1|          2|
    |ap_enable_reg_pp0_iter1                      |   9|          2|    1|          2|
    |ap_enable_reg_pp0_iter2                      |   9|          2|    1|          2|
    |ap_loop_exit_ready_pp0_iter1_reg             |   9|          2|    1|          2|
    |ap_phi_mux_st0_input_th_valid_phi_fu_955_p4  |   9|          2|    1|          2|
    |ap_phi_mux_st1_input_sw_sw_phi_fu_932_p4     |  14|          3|    1|          3|
    |ap_phi_mux_usw_phi_fu_908_p4                 |  14|          3|    1|          3|
    |ap_sig_allocacmp_counter_1                   |   9|          2|   24|         48|
    |ap_sig_allocacmp_lhs_2_load                  |   9|          2|    8|         16|
    |ap_sig_allocacmp_lhs_3_load                  |  14|          3|    8|         24|
    |ap_sig_allocacmp_lhs_4_load                  |  14|          3|    8|         24|
    |ap_sig_allocacmp_lhs_load                    |  14|          3|    8|         24|
    |ap_sig_allocacmp_p_load                      |   9|          2|    1|          2|
    |ap_sig_allocacmp_p_load263                   |   9|          2|    1|          2|
    |ap_sig_allocacmp_st0_input_th_idx_V          |   9|          2|    8|         16|
    |ap_sig_allocacmp_st1_m_fifo_a_m_size_V       |   9|          2|    8|         16|
    |ap_sig_allocacmp_st1_m_fifo_b_m_size_V       |   9|          2|    8|         16|
    |ap_sig_allocacmp_st2_input_wa_node_V         |   9|          2|    8|         16|
    |ap_sig_allocacmp_st2_input_wa_th_idx_V       |   9|          2|    3|          6|
    |ap_sig_allocacmp_st2_wb_node_V_1_load        |   9|          2|    8|         16|
    |ap_sig_allocacmp_st2_wb_node_V_load          |   9|          2|    8|         16|
    |ap_sig_allocacmp_st2_wb_th_idx_V_1_load      |   9|          2|    3|          6|
    |ap_sig_allocacmp_st2_wb_th_idx_V_load        |   9|          2|    3|          6|
    |ap_sig_allocacmp_st2_wb_th_idx_V_load_1      |   9|          2|    3|          6|
    |ap_sig_allocacmp_st3_wb_node_V               |   9|          2|    8|         16|
    |ap_sig_allocacmp_uwa_node_V_1                |   9|          2|    8|         16|
    |ap_sig_allocacmp_uwa_th_idx_V_load           |   9|          2|    3|          6|
    |ap_sig_allocacmp_uwb_th_idx_V_load           |   9|          2|    3|          6|
    |c2n_address0                                 |  20|          4|    3|         12|
    |c2n_d0                                       |  14|          3|  800|       2400|
    |c2n_we0                                      |  14|          3|   64|        192|
    |cell_V_10_fu_426                             |   9|          2|    8|         16|
    |cell_V_11_fu_430                             |   9|          2|    8|         16|
    |cell_V_12_fu_434                             |   9|          2|    8|         16|
    |cell_V_13_fu_438                             |   9|          2|    8|         16|
    |cell_V_1_fu_246                              |   9|          2|    8|         16|
    |cell_V_2_fu_250                              |   9|          2|    8|         16|
    |cell_V_3_fu_254                              |   9|          2|    8|         16|
    |cell_V_4_fu_258                              |   9|          2|    8|         16|
    |cell_V_5_fu_262                              |   9|          2|    8|         16|
    |cell_V_6_fu_266                              |   9|          2|    8|         16|
    |cell_V_7_fu_414                              |   9|          2|    8|         16|
    |cell_V_8_fu_418                              |   9|          2|    8|         16|
    |cell_V_9_fu_422                              |   9|          2|    8|         16|
    |cell_V_fu_242                                |   9|          2|    8|         16|
    |cmp_i_i245_reg_963                           |   9|          2|    1|          2|
    |counter_fu_146                               |   9|          2|   24|         48|
    |dvac_V_2_fu_270                              |   9|          2|    7|         14|
    |dvac_V_3_fu_458                              |   9|          2|    7|         14|
    |dvas_V_2_fu_298                              |   9|          2|    7|         14|
    |dvas_V_3_fu_462                              |   9|          2|    7|         14|
    |empty_95_fu_454                              |   9|          2|    1|          2|
    |empty_fu_398                                 |   9|          2|    1|          2|
    |grp_load_fu_976_p1                           |  14|          3|    8|         24|
    |grp_load_fu_979_p1                           |  14|          3|    8|         24|
    |grp_load_fu_982_p1                           |  14|          3|    8|         24|
    |lhs_2_fu_366                                 |   9|          2|    8|         16|
    |lhs_3_fu_370                                 |   9|          2|    8|         16|
    |lhs_4_fu_474                                 |   9|          2|    8|         16|
    |lhs_fu_362                                   |   9|          2|    8|         16|
    |n2c_address0                                 |  31|          6|    3|         18|
    |n2c_address1                                 |  14|          3|    3|          9|
    |n2c_d0                                       |  14|          3|  800|       2400|
    |n2c_we0                                      |  14|          3|   64|        192|
    |n_address0                                   |  20|          4|    7|         28|
    |n_address1                                   |  14|          3|    7|         21|
    |reg_1006                                     |   9|          2|  800|       1600|
    |reg_1011                                     |   9|          2|  800|       1600|
    |reuse_addr_reg_fu_138                        |   9|          2|   64|        128|
    |reuse_reg_fu_142                             |   9|          2|    1|          2|
    |st0_cell_a_V_fu_150                          |   9|          2|    8|         16|
    |st0_cell_b_V_fu_154                          |   9|          2|    8|         16|
    |st0_input_th_valid_reg_952                   |   9|          2|    1|          2|
    |st0_m_cell_a_V_address0                      |  20|          4|    3|         12|
    |st0_m_cell_a_V_d0                            |  14|          3|    8|         24|
    |st0_m_cell_b_V_address0                      |  20|          4|    3|         12|
    |st0_m_th_valid_address0                      |  20|          4|    3|         12|
    |st0_th_idx_V_fu_354                          |   9|          2|    8|         16|
    |st1_input_cell_a_V_fu_374                    |   9|          2|    8|         16|
    |st1_input_cell_b_V_fu_378                    |   9|          2|    8|         16|
    |st1_input_sw_sw_reg_928                      |   9|          2|    1|          2|
    |st1_input_th_idx_V_fu_162                    |   9|          2|    8|         16|
    |st1_m_fifo_a_m_arr_cell_V_address0           |  14|          3|    4|         12|
    |st1_m_fifo_a_m_arr_node_V_address0           |  14|          3|    4|         12|
    |st1_m_fifo_a_m_arr_th_idx_V_address0         |  14|          3|    4|         12|
    |st1_m_fifo_a_m_size_V_3_fu_478               |  20|          4|    8|         32|
    |st1_m_fifo_b_m_arr_cell_V_address0           |  14|          3|    4|         12|
    |st1_m_fifo_b_m_arr_node_V_address0           |  14|          3|    4|         12|
    |st1_m_fifo_b_m_arr_th_idx_V_address0         |  14|          3|    4|         12|
    |st1_m_fifo_b_m_size_V_1_fu_470               |  26|          5|    8|         40|
    |st1_m_th_idx_offset_address0                 |  20|          4|    3|         12|
    |st1_node_a_V_fu_166                          |   9|          2|    8|         16|
    |st1_node_b_V_fu_170                          |   9|          2|    8|         16|
    |st1_wa_cell_V_fu_386                         |   9|          2|    8|         16|
    |st1_wa_node_V_fu_390                         |   9|          2|    8|         16|
    |st1_wa_th_idx_V_fu_382                       |   9|          2|    8|         16|
    |st1_wb_cell_V_fu_358                         |   9|          2|    8|         16|
    |st1_wb_node_V_fu_350                         |   9|          2|    8|         16|
    |st1_wb_th_idx_V_fu_394                       |   9|          2|    8|         16|
    |st2_input_cell_a_V_fu_178                    |   9|          2|    8|         16|
    |st2_input_cell_b_V_fu_182                    |   9|          2|    8|         16|
    |st2_input_sw_sw_reg_916                      |   9|          2|    1|          2|
    |st2_input_va_V_fu_186                        |   9|          2|    8|         16|
    |st2_input_vb_V_1_fu_194                      |   9|          2|    8|         16|
    |st2_input_vb_V_2_fu_198                      |   9|          2|    8|         16|
    |st2_input_vb_V_3_fu_202                      |   9|          2|    8|         16|
    |st2_input_vb_V_fu_190                        |   9|          2|    8|         16|
    |st2_th_idx_V_fu_174                          |   9|          2|    3|          6|
    |st2_wa_cell_V_fu_406                         |   9|          2|    8|         16|
    |st2_wa_node_V_fu_410                         |   9|          2|    8|         16|
    |st2_wa_th_idx_V_fu_402                       |   9|          2|    3|          6|
    |st2_wb_cell_V_1_fu_446                       |   9|          2|    8|         16|
    |st2_wb_cell_V_fu_210                         |   9|          2|    8|         16|
    |st2_wb_node_V_1_fu_450                       |   9|          2|    8|         16|
    |st2_wb_node_V_fu_214                         |   9|          2|    8|         16|
    |st2_wb_th_idx_V_1_fu_442                     |   9|          2|    3|          6|
    |st2_wb_th_idx_V_fu_206                       |   9|          2|    3|          6|
    |st3_m_th_idx_offset_address0                 |  20|          4|    3|         12|
    |st4_input_dvbc_V_1_fu_278                    |   9|          2|    7|         14|
    |st4_input_dvbc_V_2_fu_282                    |   9|          2|    7|         14|
    |st4_input_dvbc_V_3_fu_286                    |   9|          2|    7|         14|
    |st4_input_dvbc_V_fu_274                      |   9|          2|    7|         14|
    |st5_input_dvbc_V_1_fu_294                    |   9|          2|    8|         16|
    |st5_input_dvbc_V_fu_290                      |   9|          2|    8|         16|
    |st5_input_dvbs_V_1_fu_306                    |   9|          2|    7|         14|
    |st5_input_dvbs_V_2_fu_310                    |   9|          2|    7|         14|
    |st5_input_dvbs_V_3_fu_314                    |   9|          2|    7|         14|
    |st5_input_dvbs_V_fu_302                      |   9|          2|    7|         14|
    |st6_dvac_V_fu_318                            |   9|          2|    7|         14|
    |st6_dvbc_V_fu_322                            |   9|          2|    8|         16|
    |st6_input_dvbs_V_1_fu_330                    |   9|          2|    8|         16|
    |st6_input_dvbs_V_fu_326                      |   9|          2|    8|         16|
    |st7_dvas_V_fu_334                            |   9|          2|    7|         14|
    |st7_dvbs_V_fu_338                            |   9|          2|    8|         16|
    |st7_input_dc_V_fu_466                        |   9|          2|    8|         16|
    |st8_dc_V_fu_342                              |   9|          2|    8|         16|
    |st8_ds_V_fu_346                              |   9|          2|    8|         16|
    |st9_sw_sw_reg_940                            |   9|          2|    1|          2|
    |usw_reg_905                                  |   9|          2|    1|          2|
    |uwa_cell_V_fu_234                            |   9|          2|    8|         16|
    |uwa_node_V_fu_238                            |   9|          2|    8|         16|
    |uwa_th_idx_V_fu_230                          |   9|          2|    3|          6|
    |uwb_cell_V_fu_222                            |   9|          2|    8|         16|
    |uwb_node_V_1_fu_226                          |   9|          2|    8|         16|
    |uwb_node_V_fu_158                            |   9|          2|    8|         16|
    |uwb_th_idx_V_fu_218                          |   9|          2|    3|          6|
    +---------------------------------------------+----+-----------+-----+-----------+
    |Total                                        |1620|        351| 4272|      10477|
    +---------------------------------------------+----+-----------+-----+-----------+

    * Register: 
    +-------------------------------------------+-----+----+-----+-----------+
    |                    Name                   |  FF | LUT| Bits| Const Bits|
    +-------------------------------------------+-----+----+-----+-----------+
    |ap_CS_fsm                                  |   12|   0|   12|          0|
    |ap_done_reg                                |    1|   0|    1|          0|
    |ap_enable_reg_pp0_iter0_reg                |    1|   0|    1|          0|
    |ap_enable_reg_pp0_iter1                    |    1|   0|    1|          0|
    |ap_enable_reg_pp0_iter2                    |    1|   0|    1|          0|
    |ap_loop_exit_ready_pp0_iter1_reg           |    1|   0|    1|          0|
    |cell_V_10_fu_426                           |    8|   0|    8|          0|
    |cell_V_11_fu_430                           |    8|   0|    8|          0|
    |cell_V_12_fu_434                           |    8|   0|    8|          0|
    |cell_V_13_fu_438                           |    8|   0|    8|          0|
    |cell_V_1_fu_246                            |    8|   0|    8|          0|
    |cell_V_1_load_reg_6372                     |    8|   0|    8|          0|
    |cell_V_1_load_reg_6372_pp0_iter1_reg       |    8|   0|    8|          0|
    |cell_V_2_fu_250                            |    8|   0|    8|          0|
    |cell_V_2_load_reg_6473                     |    8|   0|    8|          0|
    |cell_V_2_load_reg_6473_pp0_iter1_reg       |    8|   0|    8|          0|
    |cell_V_3_fu_254                            |    8|   0|    8|          0|
    |cell_V_3_load_reg_6481                     |    8|   0|    8|          0|
    |cell_V_3_load_reg_6481_pp0_iter1_reg       |    8|   0|    8|          0|
    |cell_V_4_fu_258                            |    8|   0|    8|          0|
    |cell_V_4_load_reg_6489                     |    8|   0|    8|          0|
    |cell_V_4_load_reg_6489_pp0_iter1_reg       |    8|   0|    8|          0|
    |cell_V_5_fu_262                            |    8|   0|    8|          0|
    |cell_V_5_load_reg_6530                     |    8|   0|    8|          0|
    |cell_V_5_load_reg_6530_pp0_iter1_reg       |    8|   0|    8|          0|
    |cell_V_6_fu_266                            |    8|   0|    8|          0|
    |cell_V_6_load_reg_6538                     |    8|   0|    8|          0|
    |cell_V_6_load_reg_6538_pp0_iter1_reg       |    8|   0|    8|          0|
    |cell_V_7_fu_414                            |    8|   0|    8|          0|
    |cell_V_8_fu_418                            |    8|   0|    8|          0|
    |cell_V_9_fu_422                            |    8|   0|    8|          0|
    |cell_V_fu_242                              |    8|   0|    8|          0|
    |cell_V_load_reg_6431                       |    8|   0|    8|          0|
    |cell_V_load_reg_6431_pp0_iter1_reg         |    8|   0|    8|          0|
    |cmp_i_i245_reg_963                         |    1|   0|    1|          0|
    |counter_fu_146                             |   24|   0|   24|          0|
    |dvac_V_2_fu_270                            |    7|   0|    7|          0|
    |dvac_V_3_fu_458                            |    7|   0|    7|          0|
    |dvas_V_2_fu_298                            |    7|   0|    7|          0|
    |dvas_V_3_fu_462                            |    7|   0|    7|          0|
    |dvas_V_reg_7190                            |    7|   0|    7|          0|
    |dvbs_V_reg_7201                            |    7|   0|    7|          0|
    |empty_101_reg_6986                         |   17|   0|   17|          0|
    |empty_105_reg_7096                         |    5|   0|    5|          0|
    |empty_114_reg_7008                         |   17|   0|   17|          0|
    |empty_116_reg_7110                         |   17|   0|   17|          0|
    |empty_95_fu_454                            |    1|   0|    1|          0|
    |empty_97_reg_6969                          |   17|   0|   17|          0|
    |empty_fu_398                               |    1|   0|    1|          0|
    |ia_V_2_reg_7101                            |    5|   0|    5|          0|
    |ia_V_reg_7148                              |    5|   0|    5|          0|
    |icmp_ln1019_10_reg_7053                    |    1|   0|    1|          0|
    |icmp_ln1019_11_reg_7065                    |    1|   0|    1|          0|
    |icmp_ln1019_12_reg_7077                    |    1|   0|    1|          0|
    |icmp_ln1019_4_reg_6205                     |    1|   0|    1|          0|
    |icmp_ln1019_5_reg_6214                     |    1|   0|    1|          0|
    |icmp_ln1019_6_reg_6667                     |    1|   0|    1|          0|
    |icmp_ln1019_7_reg_6282                     |    1|   0|    1|          0|
    |icmp_ln1019_7_reg_6282_pp0_iter1_reg       |    1|   0|    1|          0|
    |icmp_ln1019_8_reg_7024                     |    1|   0|    1|          0|
    |icmp_ln1019_9_reg_7041                     |    1|   0|    1|          0|
    |icmp_ln1019_reg_6324                       |    1|   0|    1|          0|
    |icmp_ln1023_10_reg_7180                    |    1|   0|    1|          0|
    |icmp_ln1023_11_reg_7185                    |    1|   0|    1|          0|
    |icmp_ln1023_12_reg_7263                    |    1|   0|    1|          0|
    |icmp_ln1023_13_reg_7268                    |    1|   0|    1|          0|
    |icmp_ln1023_14_reg_7019                    |    1|   0|    1|          0|
    |icmp_ln1023_15_reg_7036                    |    1|   0|    1|          0|
    |icmp_ln1023_16_reg_7143                    |    1|   0|    1|          0|
    |icmp_ln1023_17_reg_7175                    |    1|   0|    1|          0|
    |icmp_ln1023_18_reg_7224                    |    1|   0|    1|          0|
    |icmp_ln1023_1_reg_6573                     |    1|   0|    1|          0|
    |icmp_ln1023_1_reg_6573_pp0_iter1_reg       |    1|   0|    1|          0|
    |icmp_ln1023_2_reg_6248                     |    1|   0|    1|          0|
    |icmp_ln1023_2_reg_6248_pp0_iter1_reg       |    1|   0|    1|          0|
    |icmp_ln1023_3_reg_6239                     |    1|   0|    1|          0|
    |icmp_ln1023_3_reg_6239_pp0_iter1_reg       |    1|   0|    1|          0|
    |icmp_ln1023_4_reg_6615                     |    1|   0|    1|          0|
    |icmp_ln1023_4_reg_6615_pp0_iter1_reg       |    1|   0|    1|          0|
    |icmp_ln1023_5_reg_6626                     |    1|   0|    1|          0|
    |icmp_ln1023_5_reg_6626_pp0_iter1_reg       |    1|   0|    1|          0|
    |icmp_ln1023_6_reg_6637                     |    1|   0|    1|          0|
    |icmp_ln1023_6_reg_6637_pp0_iter1_reg       |    1|   0|    1|          0|
    |icmp_ln1023_7_reg_6648                     |    1|   0|    1|          0|
    |icmp_ln1023_7_reg_6648_pp0_iter1_reg       |    1|   0|    1|          0|
    |icmp_ln1023_8_reg_6672                     |    1|   0|    1|          0|
    |icmp_ln1023_8_reg_6672_pp0_iter1_reg       |    1|   0|    1|          0|
    |icmp_ln1023_9_reg_6935                     |    1|   0|    1|          0|
    |icmp_ln1023_reg_6558                       |    1|   0|    1|          0|
    |icmp_ln27_reg_6187                         |    1|   0|    1|          0|
    |idx_1_reg_6296                             |    8|   0|    8|          0|
    |idx_V_10_reg_6653                          |    8|   0|    8|          0|
    |idx_V_11_reg_6677                          |    8|   0|    8|          0|
    |idx_V_1_reg_6581                           |    6|   0|    8|          2|
    |idx_V_2_reg_6593                           |    6|   0|    8|          2|
    |idx_V_4_reg_6609                           |    6|   0|    8|          2|
    |idx_V_5_reg_6313                           |    8|   0|    8|          0|
    |idx_V_6_reg_6307                           |    8|   0|    8|          0|
    |idx_V_7_reg_6620                           |    8|   0|    8|          0|
    |idx_V_8_reg_6631                           |    8|   0|    8|          0|
    |idx_V_9_reg_6642                           |    8|   0|    8|          0|
    |idx_reg_6457                               |    8|   0|    8|          0|
    |idxa_V_reg_6409                            |    8|   0|    8|          0|
    |idxb_V_reg_6415                            |    8|   0|    8|          0|
    |lhs_2_fu_366                               |    8|   0|    8|          0|
    |lhs_2_load_reg_6286                        |    8|   0|    8|          0|
    |lhs_3_fu_370                               |    8|   0|    8|          0|
    |lhs_4_fu_474                               |    8|   0|    8|          0|
    |lhs_4_load_reg_6223                        |    8|   0|    8|          0|
    |lhs_4_load_reg_6223_pp0_iter1_reg          |    8|   0|    8|          0|
    |lhs_fu_362                                 |    8|   0|    8|          0|
    |mul_ln117_reg_6890                         |   17|   0|   17|          0|
    |mul_ln126_1_reg_6915                       |   17|   0|   17|          0|
    |mul_ln126_2_reg_6920                       |   17|   0|   17|          0|
    |mul_ln126_3_reg_6947                       |   17|   0|   17|          0|
    |mul_ln126_reg_6910                         |   17|   0|   17|          0|
    |mul_ln70_reg_6568                          |   17|   0|   17|          0|
    |mul_ln87_1_reg_6855                        |   17|   0|   17|          0|
    |mul_ln87_2_reg_6604                        |   17|   0|   17|          0|
    |mul_ln87_3_reg_6880                        |   17|   0|   17|          0|
    |mul_ln87_reg_6588                          |   17|   0|   17|          0|
    |p_load263_reg_6179                         |    1|   0|    1|          0|
    |p_load263_reg_6179_pp0_iter1_reg           |    1|   0|    1|          0|
    |p_load_reg_6183                            |    1|   0|    1|          0|
    |p_load_reg_6183_pp0_iter1_reg              |    1|   0|    1|          0|
    |reg_1006                                   |  800|   0|  800|          0|
    |reg_1011                                   |  800|   0|  800|          0|
    |rem_i_i391_i_reg_6743                      |    5|   0|    5|          0|
    |rem_i_i436_i_reg_6728                      |    5|   0|    5|          0|
    |ret_V_11_reg_7297                          |    6|   0|    6|          0|
    |ret_V_12_reg_7310                          |    6|   0|    6|          0|
    |ret_V_14_reg_7317                          |    6|   0|    6|          0|
    |ret_V_15_reg_7324                          |    6|   0|    6|          0|
    |ret_V_17_reg_7377                          |    6|   0|    6|          0|
    |ret_V_18_reg_7384                          |    6|   0|    6|          0|
    |ret_V_20_reg_7391                          |    6|   0|    6|          0|
    |ret_V_21_reg_7398                          |    6|   0|    6|          0|
    |ret_V_26_reg_7029                          |    6|   0|    6|          0|
    |ret_V_31_reg_7046                          |    6|   0|    6|          0|
    |ret_V_34_reg_7206                          |    6|   0|    6|          0|
    |ret_V_35_reg_7058                          |    6|   0|    6|          0|
    |ret_V_38_reg_7273                          |    6|   0|    6|          0|
    |ret_V_39_reg_7070                          |    6|   0|    6|          0|
    |ret_V_42_reg_7370                          |    6|   0|    6|          0|
    |ret_V_43_reg_7082                          |    6|   0|    6|          0|
    |ret_V_44_reg_6688                          |    5|   0|    5|          0|
    |ret_V_46_reg_6693                          |    5|   0|    5|          0|
    |ret_V_46_reg_6693_pp0_iter2_reg            |    5|   0|    5|          0|
    |ret_V_49_reg_7348                          |    5|   0|    5|          0|
    |ret_V_7_reg_7089                           |    6|   0|    6|          0|
    |ret_V_8_reg_6940                           |    6|   0|    6|          0|
    |reuse_addr_reg_fu_138                      |   64|   0|   64|          0|
    |reuse_reg_fu_142                           |    1|   0|    1|          0|
    |reuse_select_reg_6273                      |    1|   0|    1|          0|
    |sext_ln1496_20_reg_7195                    |    6|   0|    6|          0|
    |sext_ln1496_3_reg_7291                     |    6|   0|    6|          0|
    |sext_ln1496_6_reg_7304                     |    6|   0|    6|          0|
    |shl_ln100_1_reg_6349                       |   64|   0|   64|          0|
    |shl_ln100_reg_6344                         |  800|   0|  800|          0|
    |shl_ln83_1_reg_6468                        |   64|   0|   64|          0|
    |shl_ln83_reg_6426                          |  800|   0|  800|          0|
    |shl_ln91_1_reg_6525                        |   64|   0|   64|          0|
    |shl_ln91_reg_6764                          |  800|   0|  800|          0|
    |shl_ln95_1_reg_6463                        |   64|   0|   64|          0|
    |shl_ln95_reg_6421                          |  800|   0|  800|          0|
    |srem_ln1514_10_reg_6779                    |    5|   0|    5|          0|
    |srem_ln1514_11_reg_6784                    |    5|   0|    5|          0|
    |srem_ln1514_12_reg_6789                    |    5|   0|    5|          0|
    |srem_ln1514_13_reg_6810                    |    5|   0|    5|          0|
    |srem_ln1514_14_reg_6815                    |    5|   0|    5|          0|
    |st0_cell_a_V_fu_150                        |    8|   0|    8|          0|
    |st0_cell_b_V_fu_154                        |    8|   0|    8|          0|
    |st0_input_th_idx_V_reg_6173                |    8|   0|    8|          0|
    |st0_input_th_valid_reg_952                 |    1|   0|    1|          0|
    |st0_input_th_valid_reg_952_pp0_iter1_reg   |    1|   0|    1|          0|
    |st0_m_cell_a_V_addr_reg_6277               |    3|   0|    3|          0|
    |st0_m_cell_a_V_load_1_reg_6447             |    8|   0|    8|          0|
    |st0_m_cell_b_V_addr_reg_6328               |    3|   0|    3|          0|
    |st0_m_cell_b_V_load_1_reg_6515             |    8|   0|    8|          0|
    |st0_m_th_valid_addr_reg_6200               |    3|   0|    3|          0|
    |st0_m_th_valid_load_1_reg_6394             |    1|   0|    1|          0|
    |st0_th_idx_V_fu_354                        |    8|   0|    8|          0|
    |st1_input_cell_a_V_fu_374                  |    8|   0|    8|          0|
    |st1_input_cell_b_V_fu_378                  |    8|   0|    8|          0|
    |st1_input_sw_sw_reg_928                    |    1|   0|    1|          0|
    |st1_input_sw_sw_reg_928_pp0_iter1_reg      |    1|   0|    1|          0|
    |st1_input_th_idx_V_fu_162                  |    8|   0|    8|          0|
    |st1_m_fifo_a_m_size_V_3_fu_478             |    8|   0|    8|          0|
    |st1_m_fifo_b_m_size_V_1_fu_470             |    8|   0|    8|          0|
    |st1_m_th_idx_offset_load_2_reg_6354        |    8|   0|    8|          0|
    |st1_node_a_V_fu_166                        |    8|   0|    8|          0|
    |st1_node_b_V_fu_170                        |    8|   0|    8|          0|
    |st1_wa_cell_V_fu_386                       |    8|   0|    8|          0|
    |st1_wa_node_V_fu_390                       |    8|   0|    8|          0|
    |st1_wa_th_idx_V_fu_382                     |    8|   0|    8|          0|
    |st1_wb_cell_V_fu_358                       |    8|   0|    8|          0|
    |st1_wb_node_V_fu_350                       |    8|   0|    8|          0|
    |st1_wb_th_idx_V_fu_394                     |    8|   0|    8|          0|
    |st2_input_cell_a_V_fu_178                  |    8|   0|    8|          0|
    |st2_input_cell_b_V_fu_182                  |    8|   0|    8|          0|
    |st2_input_sw_sw_reg_916                    |    1|   0|    1|          0|
    |st2_input_va_V_fu_186                      |    8|   0|    8|          0|
    |st2_input_vb_V_1_fu_194                    |    8|   0|    8|          0|
    |st2_input_vb_V_2_fu_198                    |    8|   0|    8|          0|
    |st2_input_vb_V_3_fu_202                    |    8|   0|    8|          0|
    |st2_input_vb_V_fu_190                      |    8|   0|    8|          0|
    |st2_th_idx_V_fu_174                        |    3|   0|    3|          0|
    |st2_wa_cell_V_fu_406                       |    8|   0|    8|          0|
    |st2_wa_node_V_fu_410                       |    8|   0|    8|          0|
    |st2_wa_th_idx_V_fu_402                     |    3|   0|    3|          0|
    |st2_wb_cell_V_1_fu_446                     |    8|   0|    8|          0|
    |st2_wb_cell_V_fu_210                       |    8|   0|    8|          0|
    |st2_wb_node_V_1_fu_450                     |    8|   0|    8|          0|
    |st2_wb_node_V_fu_214                       |    8|   0|    8|          0|
    |st2_wb_th_idx_V_1_fu_442                   |    3|   0|    3|          0|
    |st2_wb_th_idx_V_fu_206                     |    3|   0|    3|          0|
    |st3_input_cell_a_V_reg_6257                |    8|   0|    8|          0|
    |st3_input_cell_a_V_reg_6257_pp0_iter1_reg  |    8|   0|    8|          0|
    |st3_input_cell_b_V_reg_6265                |    8|   0|    8|          0|
    |st3_input_cell_b_V_reg_6265_pp0_iter1_reg  |    8|   0|    8|          0|
    |st3_input_cva_V_reg_6659                   |    8|   0|    8|          0|
    |st3_input_cvb_V_4_reg_6756                 |    8|   0|    8|          0|
    |st3_input_cvb_V_4_reg_6756_pp0_iter2_reg   |    8|   0|    8|          0|
    |st3_input_cvb_V_5_reg_6794                 |    8|   0|    8|          0|
    |st3_input_cvb_V_5_reg_6794_pp0_iter2_reg   |    8|   0|    8|          0|
    |st3_input_cvb_V_6_reg_6802                 |    8|   0|    8|          0|
    |st3_input_cvb_V_6_reg_6802_pp0_iter2_reg   |    8|   0|    8|          0|
    |st3_input_cvb_V_reg_6748                   |    8|   0|    8|          0|
    |st3_input_cvb_V_reg_6748_pp0_iter2_reg     |    8|   0|    8|          0|
    |st3_m_th_idx_offset_load_2_reg_6379        |    8|   0|    8|          0|
    |st3_wb_node_V_reg_6163                     |    8|   0|    8|          0|
    |st4_input_dvbc_V_1_fu_278                  |    7|   0|    7|          0|
    |st4_input_dvbc_V_2_fu_282                  |    7|   0|    7|          0|
    |st4_input_dvbc_V_3_fu_286                  |    7|   0|    7|          0|
    |st4_input_dvbc_V_fu_274                    |    7|   0|    7|          0|
    |st5_input_dvbc_V_1_fu_294                  |    8|   0|    8|          0|
    |st5_input_dvbc_V_fu_290                    |    8|   0|    8|          0|
    |st5_input_dvbs_V_1_fu_306                  |    7|   0|    7|          0|
    |st5_input_dvbs_V_2_fu_310                  |    7|   0|    7|          0|
    |st5_input_dvbs_V_3_fu_314                  |    7|   0|    7|          0|
    |st5_input_dvbs_V_fu_302                    |    7|   0|    7|          0|
    |st6_dvac_V_fu_318                          |    7|   0|    7|          0|
    |st6_dvbc_V_fu_322                          |    8|   0|    8|          0|
    |st6_input_dvbs_V_1_fu_330                  |    8|   0|    8|          0|
    |st6_input_dvbs_V_fu_326                    |    8|   0|    8|          0|
    |st7_dvas_V_fu_334                          |    7|   0|    7|          0|
    |st7_dvbs_V_fu_338                          |    8|   0|    8|          0|
    |st7_input_dc_V_fu_466                      |    8|   0|    8|          0|
    |st8_dc_V_fu_342                            |    8|   0|    8|          0|
    |st8_ds_V_fu_346                            |    8|   0|    8|          0|
    |st9_sw_sw_reg_940                          |    1|   0|    1|          0|
    |sub_ln1513_11_reg_7154                     |    5|   0|    5|          0|
    |sub_ln1513_13_reg_7159                     |    5|   0|    5|          0|
    |sub_ln1513_1_reg_7003                      |    5|   0|    5|          0|
    |sw_c_reg_6683                              |    1|   0|    1|          0|
    |tmp_11_reg_7240                            |    5|   0|    5|          0|
    |tmp_12_reg_7251                            |    1|   0|    1|          0|
    |tmp_14_reg_7257                            |    5|   0|    5|          0|
    |tmp_16_reg_6769                            |    6|   0|    6|          0|
    |tmp_17_reg_6774                            |    6|   0|    6|          0|
    |tmp_23_reg_6366                            |    6|   0|    6|          0|
    |tmp_24_reg_6360                            |    6|   0|    6|          0|
    |tmp_2_reg_6980                             |    5|   0|    5|          0|
    |tmp_30_reg_7336                            |    1|   0|    1|          0|
    |tmp_32_reg_7342                            |    5|   0|    5|          0|
    |tmp_33_reg_7358                            |    1|   0|    1|          0|
    |tmp_35_reg_7364                            |    5|   0|    5|          0|
    |tmp_36_reg_6388                            |    1|   0|    1|          0|
    |tmp_36_reg_6388_pp0_iter1_reg              |    1|   0|    1|          0|
    |tmp_38_reg_7013                            |    5|   0|    5|          0|
    |tmp_39_reg_6441                            |    1|   0|    1|          0|
    |tmp_39_reg_6441_pp0_iter1_reg              |    1|   0|    1|          0|
    |tmp_3_reg_6991                             |    1|   0|    1|          0|
    |tmp_41_reg_7115                            |    5|   0|    5|          0|
    |tmp_42_reg_6497                            |    1|   0|    1|          0|
    |tmp_42_reg_6497_pp0_iter1_reg              |    1|   0|    1|          0|
    |tmp_44_reg_7126                            |    5|   0|    5|          0|
    |tmp_45_reg_6503                            |    1|   0|    1|          0|
    |tmp_45_reg_6503_pp0_iter1_reg              |    1|   0|    1|          0|
    |tmp_47_reg_7137                            |    5|   0|    5|          0|
    |tmp_48_reg_6509                            |    1|   0|    1|          0|
    |tmp_48_reg_6509_pp0_iter1_reg              |    1|   0|    1|          0|
    |tmp_50_reg_7169                            |    5|   0|    5|          0|
    |tmp_51_reg_6546                            |    1|   0|    1|          0|
    |tmp_51_reg_6546_pp0_iter1_reg              |    1|   0|    1|          0|
    |tmp_53_reg_7218                            |    5|   0|    5|          0|
    |tmp_54_reg_6552                            |    1|   0|    1|          0|
    |tmp_54_reg_6552_pp0_iter1_reg              |    1|   0|    1|          0|
    |tmp_56_reg_7285                            |    5|   0|    5|          0|
    |tmp_5_reg_6997                             |    5|   0|    5|          0|
    |tmp_6_reg_6957                             |    1|   0|    1|          0|
    |tmp_8_reg_6963                             |    5|   0|    5|          0|
    |tmp_9_reg_7234                             |    1|   0|    1|          0|
    |tmp_reg_6974                               |    1|   0|    1|          0|
    |tmp_s_reg_6520                             |    6|   0|    6|          0|
    |trunc_ln115_reg_6830                       |    8|   0|    8|          0|
    |trunc_ln116_reg_6835                       |    8|   0|    8|          0|
    |trunc_ln1513_1_reg_7229                    |   17|   0|   17|          0|
    |trunc_ln1513_2_reg_7246                    |   17|   0|   17|          0|
    |trunc_ln1513_3_reg_7331                    |   17|   0|   17|          0|
    |trunc_ln1513_4_reg_7353                    |   17|   0|   17|          0|
    |trunc_ln1513_5_reg_7121                    |   17|   0|   17|          0|
    |trunc_ln1513_6_reg_7132                    |   17|   0|   17|          0|
    |trunc_ln1513_7_reg_7164                    |   17|   0|   17|          0|
    |trunc_ln1513_8_reg_7213                    |   17|   0|   17|          0|
    |trunc_ln1513_9_reg_7280                    |   17|   0|   17|          0|
    |trunc_ln1513_reg_6952                      |   17|   0|   17|          0|
    |urem_ln115_reg_6733                        |    8|   0|    8|          0|
    |urem_ln116_reg_6738                        |    8|   0|    8|          0|
    |urem_ln126_2_reg_6905                      |    8|   0|    8|          0|
    |urem_ln87_1_reg_6850                       |    8|   0|    8|          0|
    |urem_ln87_3_reg_6870                       |    8|   0|    8|          0|
    |usw_reg_905                                |    1|   0|    1|          0|
    |usw_reg_905_pp0_iter1_reg                  |    1|   0|    1|          0|
    |uwa_cell_V_fu_234                          |    8|   0|    8|          0|
    |uwa_node_V_1_reg_6168                      |    8|   0|    8|          0|
    |uwa_node_V_fu_238                          |    8|   0|    8|          0|
    |uwa_th_idx_V_fu_230                        |    3|   0|    3|          0|
    |uwb_cell_V_fu_222                          |    8|   0|    8|          0|
    |uwb_node_V_1_fu_226                        |    8|   0|    8|          0|
    |uwb_node_V_fu_158                          |    8|   0|    8|          0|
    |uwb_th_idx_V_fu_218                        |    3|   0|    3|          0|
    |zext_ln541_1_reg_6191                      |    8|   0|   64|         56|
    |zext_ln541_reg_6333                        |    8|   0|   64|         56|
    |icmp_ln27_reg_6187                         |   64|  32|    1|          0|
    +-------------------------------------------+-----+----+-----+-----------+
    |Total                                      | 7124|  32| 7179|        118|
    +-------------------------------------------+-----+----+-----+-----------+



================================================================
== Interface
================================================================
* Summary: 
+--------------------------------------+-----+-----+------------+----------------------------------------+--------------+
|               RTL Ports              | Dir | Bits|  Protocol  |              Source Object             |    C Type    |
+--------------------------------------+-----+-----+------------+----------------------------------------+--------------+
|ap_clk                                |   in|    1|  ap_ctrl_hs|  exec_pipeline_Pipeline_VITIS_LOOP_27_1|  return value|
|ap_rst                                |   in|    1|  ap_ctrl_hs|  exec_pipeline_Pipeline_VITIS_LOOP_27_1|  return value|
|ap_start                              |   in|    1|  ap_ctrl_hs|  exec_pipeline_Pipeline_VITIS_LOOP_27_1|  return value|
|ap_done                               |  out|    1|  ap_ctrl_hs|  exec_pipeline_Pipeline_VITIS_LOOP_27_1|  return value|
|ap_idle                               |  out|    1|  ap_ctrl_hs|  exec_pipeline_Pipeline_VITIS_LOOP_27_1|  return value|
|ap_ready                              |  out|    1|  ap_ctrl_hs|  exec_pipeline_Pipeline_VITIS_LOOP_27_1|  return value|
|st1_m_fifo_a_m_size_V_reload          |   in|    8|     ap_none|            st1_m_fifo_a_m_size_V_reload|        scalar|
|st1_m_fifo_a_m_rear_V_7_reload        |   in|    8|     ap_none|          st1_m_fifo_a_m_rear_V_7_reload|        scalar|
|st1_m_fifo_b_m_size_V_reload          |   in|    8|     ap_none|            st1_m_fifo_b_m_size_V_reload|        scalar|
|st1_m_fifo_b_m_rear_V_7_reload        |   in|    8|     ap_none|          st1_m_fifo_b_m_rear_V_7_reload|        scalar|
|n2c_address0                          |  out|    3|   ap_memory|                                     n2c|         array|
|n2c_ce0                               |  out|    1|   ap_memory|                                     n2c|         array|
|n2c_we0                               |  out|  100|   ap_memory|                                     n2c|         array|
|n2c_d0                                |  out|  800|   ap_memory|                                     n2c|         array|
|n2c_q0                                |   in|  800|   ap_memory|                                     n2c|         array|
|n2c_address1                          |  out|    3|   ap_memory|                                     n2c|         array|
|n2c_ce1                               |  out|    1|   ap_memory|                                     n2c|         array|
|n2c_q1                                |   in|  800|   ap_memory|                                     n2c|         array|
|c2n_address0                          |  out|    3|   ap_memory|                                     c2n|         array|
|c2n_ce0                               |  out|    1|   ap_memory|                                     c2n|         array|
|c2n_we0                               |  out|  100|   ap_memory|                                     c2n|         array|
|c2n_d0                                |  out|  800|   ap_memory|                                     c2n|         array|
|c2n_q0                                |   in|  800|   ap_memory|                                     c2n|         array|
|c2n_address1                          |  out|    3|   ap_memory|                                     c2n|         array|
|c2n_ce1                               |  out|    1|   ap_memory|                                     c2n|         array|
|c2n_q1                                |   in|  800|   ap_memory|                                     c2n|         array|
|n_address0                            |  out|    7|   ap_memory|                                       n|         array|
|n_ce0                                 |  out|    1|   ap_memory|                                       n|         array|
|n_q0                                  |   in|   32|   ap_memory|                                       n|         array|
|n_address1                            |  out|    7|   ap_memory|                                       n|         array|
|n_ce1                                 |  out|    1|   ap_memory|                                       n|         array|
|n_q1                                  |   in|   32|   ap_memory|                                       n|         array|
|st0_m_th_valid_address0               |  out|    3|   ap_memory|                          st0_m_th_valid|         array|
|st0_m_th_valid_ce0                    |  out|    1|   ap_memory|                          st0_m_th_valid|         array|
|st0_m_th_valid_we0                    |  out|    1|   ap_memory|                          st0_m_th_valid|         array|
|st0_m_th_valid_d0                     |  out|    1|   ap_memory|                          st0_m_th_valid|         array|
|st0_m_th_valid_q0                     |   in|    1|   ap_memory|                          st0_m_th_valid|         array|
|st0_m_cell_a_V_address0               |  out|    3|   ap_memory|                          st0_m_cell_a_V|         array|
|st0_m_cell_a_V_ce0                    |  out|    1|   ap_memory|                          st0_m_cell_a_V|         array|
|st0_m_cell_a_V_we0                    |  out|    1|   ap_memory|                          st0_m_cell_a_V|         array|
|st0_m_cell_a_V_d0                     |  out|    8|   ap_memory|                          st0_m_cell_a_V|         array|
|st0_m_cell_a_V_q0                     |   in|    8|   ap_memory|                          st0_m_cell_a_V|         array|
|st0_m_cell_b_V_address0               |  out|    3|   ap_memory|                          st0_m_cell_b_V|         array|
|st0_m_cell_b_V_ce0                    |  out|    1|   ap_memory|                          st0_m_cell_b_V|         array|
|st0_m_cell_b_V_we0                    |  out|    1|   ap_memory|                          st0_m_cell_b_V|         array|
|st0_m_cell_b_V_d0                     |  out|    8|   ap_memory|                          st0_m_cell_b_V|         array|
|st0_m_cell_b_V_q0                     |   in|    8|   ap_memory|                          st0_m_cell_b_V|         array|
|st1_m_fifo_a_m_arr_th_idx_V_address0  |  out|    4|   ap_memory|             st1_m_fifo_a_m_arr_th_idx_V|         array|
|st1_m_fifo_a_m_arr_th_idx_V_ce0       |  out|    1|   ap_memory|             st1_m_fifo_a_m_arr_th_idx_V|         array|
|st1_m_fifo_a_m_arr_th_idx_V_we0       |  out|    1|   ap_memory|             st1_m_fifo_a_m_arr_th_idx_V|         array|
|st1_m_fifo_a_m_arr_th_idx_V_d0        |  out|    8|   ap_memory|             st1_m_fifo_a_m_arr_th_idx_V|         array|
|st1_m_fifo_a_m_arr_th_idx_V_q0        |   in|    8|   ap_memory|             st1_m_fifo_a_m_arr_th_idx_V|         array|
|st1_m_fifo_a_m_arr_cell_V_address0    |  out|    4|   ap_memory|               st1_m_fifo_a_m_arr_cell_V|         array|
|st1_m_fifo_a_m_arr_cell_V_ce0         |  out|    1|   ap_memory|               st1_m_fifo_a_m_arr_cell_V|         array|
|st1_m_fifo_a_m_arr_cell_V_we0         |  out|    1|   ap_memory|               st1_m_fifo_a_m_arr_cell_V|         array|
|st1_m_fifo_a_m_arr_cell_V_d0          |  out|    8|   ap_memory|               st1_m_fifo_a_m_arr_cell_V|         array|
|st1_m_fifo_a_m_arr_cell_V_q0          |   in|    8|   ap_memory|               st1_m_fifo_a_m_arr_cell_V|         array|
|st1_m_fifo_a_m_arr_node_V_address0    |  out|    4|   ap_memory|               st1_m_fifo_a_m_arr_node_V|         array|
|st1_m_fifo_a_m_arr_node_V_ce0         |  out|    1|   ap_memory|               st1_m_fifo_a_m_arr_node_V|         array|
|st1_m_fifo_a_m_arr_node_V_we0         |  out|    1|   ap_memory|               st1_m_fifo_a_m_arr_node_V|         array|
|st1_m_fifo_a_m_arr_node_V_d0          |  out|    8|   ap_memory|               st1_m_fifo_a_m_arr_node_V|         array|
|st1_m_fifo_a_m_arr_node_V_q0          |   in|    8|   ap_memory|               st1_m_fifo_a_m_arr_node_V|         array|
|st1_m_fifo_b_m_arr_th_idx_V_address0  |  out|    4|   ap_memory|             st1_m_fifo_b_m_arr_th_idx_V|         array|
|st1_m_fifo_b_m_arr_th_idx_V_ce0       |  out|    1|   ap_memory|             st1_m_fifo_b_m_arr_th_idx_V|         array|
|st1_m_fifo_b_m_arr_th_idx_V_we0       |  out|    1|   ap_memory|             st1_m_fifo_b_m_arr_th_idx_V|         array|
|st1_m_fifo_b_m_arr_th_idx_V_d0        |  out|    8|   ap_memory|             st1_m_fifo_b_m_arr_th_idx_V|         array|
|st1_m_fifo_b_m_arr_th_idx_V_q0        |   in|    8|   ap_memory|             st1_m_fifo_b_m_arr_th_idx_V|         array|
|st1_m_fifo_b_m_arr_cell_V_address0    |  out|    4|   ap_memory|               st1_m_fifo_b_m_arr_cell_V|         array|
|st1_m_fifo_b_m_arr_cell_V_ce0         |  out|    1|   ap_memory|               st1_m_fifo_b_m_arr_cell_V|         array|
|st1_m_fifo_b_m_arr_cell_V_we0         |  out|    1|   ap_memory|               st1_m_fifo_b_m_arr_cell_V|         array|
|st1_m_fifo_b_m_arr_cell_V_d0          |  out|    8|   ap_memory|               st1_m_fifo_b_m_arr_cell_V|         array|
|st1_m_fifo_b_m_arr_cell_V_q0          |   in|    8|   ap_memory|               st1_m_fifo_b_m_arr_cell_V|         array|
|st1_m_fifo_b_m_arr_node_V_address0    |  out|    4|   ap_memory|               st1_m_fifo_b_m_arr_node_V|         array|
|st1_m_fifo_b_m_arr_node_V_ce0         |  out|    1|   ap_memory|               st1_m_fifo_b_m_arr_node_V|         array|
|st1_m_fifo_b_m_arr_node_V_we0         |  out|    1|   ap_memory|               st1_m_fifo_b_m_arr_node_V|         array|
|st1_m_fifo_b_m_arr_node_V_d0          |  out|    8|   ap_memory|               st1_m_fifo_b_m_arr_node_V|         array|
|st1_m_fifo_b_m_arr_node_V_q0          |   in|    8|   ap_memory|               st1_m_fifo_b_m_arr_node_V|         array|
+--------------------------------------+-----+-----+------------+----------------------------------------+--------------+

